2026-02-26 23:46:33,076 - baseline_cpr_adjustment - INFO - === Training BASELINE (CPR) Adjustment Model ===
2026-02-26 23:46:33,078 - baseline_cpr_adjustment - INFO - Device: cuda:0 (GPU: NVIDIA GeForce RTX 4060 Laptop GPU)
2026-02-26 23:46:33,079 - baseline_cpr_adjustment - INFO - Dtype: float64
2026-02-26 23:46:33,079 - baseline_cpr_adjustment - INFO - Loading base model (Model 1 SSVI+NN)...
2026-02-26 23:46:33,200 - baseline_cpr_adjustment - INFO - Base model loaded from C:\Users\owen3\OneDrive\Desktop\Project\smart-data-analysis-main\model3_research\scripts\..\..\src\../model1_research/models/MultiModel.pt
2026-02-26 23:46:33,204 - baseline_cpr_adjustment - INFO - Loading Model 2 (ICNN Dupire) for Greek Extraction...
2026-02-26 23:46:33,214 - baseline_cpr_adjustment - INFO - Model 2 loaded from C:\Users\owen3\OneDrive\Desktop\Project\smart-data-analysis-main\model3_research\scripts\..\..\src\../models/DupireModel.pt, GreekExtractor initialized.
2026-02-26 23:46:33,215 - baseline_cpr_adjustment - INFO - Preparing adjustment data...
2026-02-26 23:46:43,741 - baseline_cpr_adjustment - INFO - Data shape: sequences=torch.Size([245228, 20, 16]), targets=torch.Size([245228, 1]), input_dim=16
2026-02-26 23:46:43,743 - baseline_cpr_adjustment - INFO - Config date split: train+val <= 2020-12-31, test 2021-01-01 - 2021-12-31
2026-02-26 23:46:43,744 - baseline_cpr_adjustment - INFO -   train+val sequences: 201729, test sequences: 43499
2026-02-26 23:46:43,750 - baseline_cpr_adjustment - INFO - Chronological 80/20 split within train period:
2026-02-26 23:46:43,751 - baseline_cpr_adjustment - INFO -   Train: < 2019-08-13T00:00:00.000000000 (153249 sequences)
2026-02-26 23:46:43,751 - baseline_cpr_adjustment - INFO -   Val:   >= 2019-08-13T00:00:00.000000000 to 2020-12-31T00:00:00.000000 (48480 sequences)
2026-02-26 23:46:43,751 - baseline_cpr_adjustment - INFO -   Test:  2021-01-01T00:00:00.000000 to 2021-12-31T00:00:00.000000 (43499 sequences)
2026-02-26 23:46:43,752 - baseline_cpr_adjustment - INFO - Fitting KDE weights...
2026-02-26 23:48:22,741 - baseline_cpr_adjustment - INFO - Test set: 43499 sequences loaded
2026-02-26 23:48:22,741 - baseline_cpr_adjustment - INFO - Building baseline model...
2026-02-26 23:48:22,755 - baseline_cpr_adjustment - INFO - Model parameters: 59,457 total, 59,457 trainable
2026-02-26 23:48:23,481 - baseline_cpr_adjustment - INFO - Optimizer: cpr (wd=N/A)
2026-02-26 23:48:23,482 - baseline_cpr_adjustment - INFO - Training: epochs=1000, lr=0.001, batch_size=256
2026-02-26 23:48:23,482 - baseline_cpr_adjustment - INFO - Save path: C:\Users\owen3\OneDrive\Desktop\Project\smart-data-analysis-main\model3_research\scripts\models\baseline_cpr_AdjustmentModel.pt
2026-02-26 23:51:07,806 - baseline_cpr_adjustment - INFO - Epoch 10/1000 - Train: 0.151856 - Val: 0.263865 - Best: 0.217083 - LR: 1.00e-03 - Time: 2.7min
2026-02-26 23:53:50,055 - baseline_cpr_adjustment - INFO - Epoch 20/1000 - Train: 0.151442 - Val: 0.238660 - Best: 0.217083 - LR: 1.00e-03 - Time: 5.4min
2026-02-26 23:56:32,895 - baseline_cpr_adjustment - INFO - Epoch 30/1000 - Train: 0.150909 - Val: 0.224659 - Best: 0.217083 - LR: 1.00e-03 - Time: 8.2min
2026-02-26 23:59:13,728 - baseline_cpr_adjustment - INFO - Epoch 40/1000 - Train: 0.150823 - Val: 0.246474 - Best: 0.215079 - LR: 1.00e-03 - Time: 10.8min
2026-02-27 00:02:29,859 - baseline_cpr_adjustment - INFO - Epoch 50/1000 - Train: 0.150570 - Val: 0.234606 - Best: 0.212846 - LR: 1.00e-03 - Time: 14.1min
2026-02-27 00:05:31,344 - baseline_cpr_adjustment - INFO - Epoch 60/1000 - Train: 0.151416 - Val: 0.233886 - Best: 0.212846 - LR: 1.00e-03 - Time: 17.1min
2026-02-27 00:08:24,866 - baseline_cpr_adjustment - INFO - Epoch 70/1000 - Train: 0.150997 - Val: 0.259005 - Best: 0.212846 - LR: 1.00e-03 - Time: 20.0min
2026-02-27 00:11:20,166 - baseline_cpr_adjustment - INFO - Epoch 80/1000 - Train: 0.151515 - Val: 0.283291 - Best: 0.212846 - LR: 1.00e-03 - Time: 22.9min
2026-02-27 00:14:26,034 - baseline_cpr_adjustment - INFO - Epoch 90/1000 - Train: 0.151236 - Val: 0.225809 - Best: 0.212846 - LR: 1.00e-03 - Time: 26.0min
2026-02-27 00:17:32,163 - baseline_cpr_adjustment - INFO - Epoch 100/1000 - Train: 0.147523 - Val: 0.244926 - Best: 0.212846 - LR: 5.00e-04 - Time: 29.1min
2026-02-27 00:20:49,247 - baseline_cpr_adjustment - INFO - Epoch 110/1000 - Train: 0.148571 - Val: 0.230832 - Best: 0.212846 - LR: 5.00e-04 - Time: 32.4min
2026-02-27 00:23:54,012 - baseline_cpr_adjustment - INFO - Epoch 120/1000 - Train: 0.148811 - Val: 0.243847 - Best: 0.212846 - LR: 5.00e-04 - Time: 35.5min
2026-02-27 00:27:07,936 - baseline_cpr_adjustment - INFO - Epoch 130/1000 - Train: 0.147475 - Val: 0.235481 - Best: 0.212846 - LR: 5.00e-04 - Time: 38.7min
2026-02-27 00:30:04,596 - baseline_cpr_adjustment - INFO - Epoch 140/1000 - Train: 0.148241 - Val: 0.222656 - Best: 0.212846 - LR: 5.00e-04 - Time: 41.7min
2026-02-27 00:31:00,174 - baseline_cpr_adjustment - INFO - Early stopping at epoch 143
2026-02-27 00:31:00,175 - baseline_cpr_adjustment - INFO - Training complete: 42.6 minutes, best val loss: 0.212846
2026-02-27 00:31:00,175 - baseline_cpr_adjustment - INFO - Final evaluation on validation set...
2026-02-27 00:31:01,857 - baseline_cpr_adjustment - INFO - BASELINE Val - RMSE: 0.187803, MAPE: 0.1202
2026-02-27 00:31:01,857 - baseline_cpr_adjustment - INFO - Evaluating on test set (2021 held-out)...
2026-02-27 00:31:03,378 - baseline_cpr_adjustment - INFO - BASELINE Test (2021) - RMSE: 0.176459, MAPE: 0.1128
2026-02-27 00:31:03,380 - baseline_cpr_adjustment - INFO - Results saved to C:\Users\owen3\OneDrive\Desktop\Project\smart-data-analysis-main\model3_research\scripts\logs\baseline_cpr_results.json
2026-02-27 00:31:03,382 - baseline_cpr_adjustment - INFO - Done.
