2026-02-21 20:26:19,474 - baseline_adjustment - INFO - === Training BASELINE Adjustment Model ===
2026-02-21 20:26:19,476 - baseline_adjustment - INFO - Device: cuda:0 (GPU: NVIDIA GeForce RTX 4060 Laptop GPU)
2026-02-21 20:26:19,477 - baseline_adjustment - INFO - Dtype: float64
2026-02-21 20:26:19,477 - baseline_adjustment - INFO - Loading base model (Model 1 SSVI+NN)...
2026-02-21 20:26:19,559 - baseline_adjustment - INFO - Base model loaded from C:\Users\owen3\OneDrive\Desktop\Project\smart-data-analysis-main\model3_research\..\src\../models/MultiModel.pt
2026-02-21 20:26:19,562 - baseline_adjustment - INFO - Preparing adjustment data...
2026-02-21 20:26:26,841 - baseline_adjustment - INFO - Data shape: sequences=torch.Size([245228, 20, 12]), targets=torch.Size([245228, 1]), input_dim=12
2026-02-21 20:26:26,848 - baseline_adjustment - INFO - Chronological split: train < 2020-06-05T00:00:00.000000, train=179615, val=65613
2026-02-21 20:26:26,849 - baseline_adjustment - INFO - Fitting KDE weights...
2026-02-21 20:27:49,888 - baseline_adjustment - INFO - Building baseline model...
2026-02-21 20:27:49,896 - baseline_adjustment - INFO - Model parameters: 58,689 total, 58,689 trainable
2026-02-21 20:27:50,903 - baseline_adjustment - INFO - Optimizer: adamw (wd=0.01)
2026-02-21 20:27:50,903 - baseline_adjustment - INFO - Training: epochs=1000, lr=0.001, batch_size=256
2026-02-21 20:27:50,904 - baseline_adjustment - INFO - Save path: C:\Users\owen3\OneDrive\Desktop\Project\smart-data-analysis-main\model3_research\models\baseline_adamw_AdjustmentModel.pt
2026-02-21 20:30:01,838 - baseline_adjustment - INFO - Epoch 10/1000 - Train: 0.117593 - Val: 0.169843 - Best: 0.169843 - LR: 1.00e-03 - Time: 2.2min
2026-02-21 20:32:22,577 - baseline_adjustment - INFO - Epoch 20/1000 - Train: 0.103467 - Val: 0.177944 - Best: 0.169843 - LR: 1.00e-03 - Time: 4.5min
2026-02-21 20:34:44,552 - baseline_adjustment - INFO - Epoch 30/1000 - Train: 0.093957 - Val: 0.185414 - Best: 0.169843 - LR: 1.00e-03 - Time: 6.9min
2026-02-21 20:37:08,844 - baseline_adjustment - INFO - Epoch 40/1000 - Train: 0.076596 - Val: 0.191743 - Best: 0.169843 - LR: 1.00e-03 - Time: 9.3min
2026-02-21 20:39:34,056 - baseline_adjustment - INFO - Epoch 50/1000 - Train: 0.067468 - Val: 0.167481 - Best: 0.167481 - LR: 1.00e-03 - Time: 11.7min
2026-02-21 20:42:07,725 - baseline_adjustment - INFO - Epoch 60/1000 - Train: 0.062951 - Val: 0.171362 - Best: 0.163955 - LR: 1.00e-03 - Time: 14.3min
2026-02-21 20:44:46,849 - baseline_adjustment - INFO - Epoch 70/1000 - Train: 0.059385 - Val: 0.159627 - Best: 0.159627 - LR: 1.00e-03 - Time: 16.9min
2026-02-21 20:47:18,742 - baseline_adjustment - INFO - Epoch 80/1000 - Train: 0.057288 - Val: 0.167225 - Best: 0.159627 - LR: 1.00e-03 - Time: 19.5min
2026-02-21 20:49:49,874 - baseline_adjustment - INFO - Epoch 90/1000 - Train: 0.055555 - Val: 0.175383 - Best: 0.159627 - LR: 1.00e-03 - Time: 22.0min
2026-02-21 20:52:21,123 - baseline_adjustment - INFO - Epoch 100/1000 - Train: 0.053133 - Val: 0.178688 - Best: 0.159627 - LR: 1.00e-03 - Time: 24.5min
2026-02-21 20:54:52,259 - baseline_adjustment - INFO - Epoch 110/1000 - Train: 0.051291 - Val: 0.183175 - Best: 0.159627 - LR: 1.00e-03 - Time: 27.0min
2026-02-21 20:57:25,165 - baseline_adjustment - INFO - Epoch 120/1000 - Train: 0.050608 - Val: 0.186832 - Best: 0.159627 - LR: 1.00e-03 - Time: 29.6min
2026-02-21 20:59:56,659 - baseline_adjustment - INFO - Epoch 130/1000 - Train: 0.047467 - Val: 0.175362 - Best: 0.159627 - LR: 5.00e-04 - Time: 32.1min
2026-02-21 21:02:28,165 - baseline_adjustment - INFO - Epoch 140/1000 - Train: 0.045662 - Val: 0.166048 - Best: 0.159627 - LR: 5.00e-04 - Time: 34.6min
2026-02-21 21:04:59,793 - baseline_adjustment - INFO - Epoch 150/1000 - Train: 0.045410 - Val: 0.173716 - Best: 0.159627 - LR: 5.00e-04 - Time: 37.1min
2026-02-21 21:07:31,032 - baseline_adjustment - INFO - Epoch 160/1000 - Train: 0.045605 - Val: 0.176893 - Best: 0.159627 - LR: 5.00e-04 - Time: 39.7min
2026-02-21 21:10:01,842 - baseline_adjustment - INFO - Epoch 170/1000 - Train: 0.044792 - Val: 0.176913 - Best: 0.159627 - LR: 5.00e-04 - Time: 42.2min
2026-02-21 21:10:01,843 - baseline_adjustment - INFO - Early stopping at epoch 170
2026-02-21 21:10:01,843 - baseline_adjustment - INFO - Training complete: 42.2 minutes, best val loss: 0.159627
2026-02-21 21:10:01,843 - baseline_adjustment - INFO - Final evaluation on validation set...
2026-02-21 21:10:03,625 - baseline_adjustment - INFO - BASELINE model - RMSE: 0.146145, MAPE: 0.0922
2026-02-21 21:10:03,626 - baseline_adjustment - INFO - Results saved to C:\Users\owen3\OneDrive\Desktop\Project\smart-data-analysis-main\model3_research\logs\baseline_adamw_results.json
2026-02-21 21:10:03,628 - baseline_adjustment - INFO - Done.
