2026-02-21 19:46:33,363 - baseline_adjustment - INFO - === Training BASELINE Adjustment Model ===
2026-02-21 19:46:33,364 - baseline_adjustment - INFO - Device: cuda:0 (GPU: NVIDIA GeForce RTX 4060 Laptop GPU)
2026-02-21 19:46:33,365 - baseline_adjustment - INFO - Dtype: float64
2026-02-21 19:46:33,365 - baseline_adjustment - INFO - Loading base model (Model 1 SSVI+NN)...
2026-02-21 19:46:33,453 - baseline_adjustment - INFO - Base model loaded from C:\Users\owen3\OneDrive\Desktop\Project\smart-data-analysis-main\model3_research\..\src\../models/MultiModel.pt
2026-02-21 19:46:33,457 - baseline_adjustment - INFO - Preparing adjustment data...
2026-02-21 19:46:40,849 - baseline_adjustment - INFO - Data shape: sequences=torch.Size([245228, 20, 12]), targets=torch.Size([245228, 1]), input_dim=12
2026-02-21 19:46:40,856 - baseline_adjustment - INFO - Chronological split: train < 2020-06-05T00:00:00.000000, train=179615, val=65613
2026-02-21 19:46:40,856 - baseline_adjustment - INFO - Fitting KDE weights...
2026-02-21 19:48:04,401 - baseline_adjustment - INFO - Building baseline model...
2026-02-21 19:48:04,419 - baseline_adjustment - INFO - Model parameters: 58,689 total, 58,689 trainable
2026-02-21 19:48:05,425 - baseline_adjustment - INFO - Optimizer: adam (wd=N/A)
2026-02-21 19:48:05,426 - baseline_adjustment - INFO - Training: epochs=1000, lr=0.001, batch_size=256
2026-02-21 19:48:05,426 - baseline_adjustment - INFO - Save path: C:\Users\owen3\OneDrive\Desktop\Project\smart-data-analysis-main\model3_research\models\baseline_AdjustmentModel.pt
2026-02-21 19:50:17,121 - baseline_adjustment - INFO - Epoch 10/1000 - Train: 0.115002 - Val: 0.174086 - Best: 0.172209 - LR: 1.00e-03 - Time: 2.2min
2026-02-21 19:52:28,944 - baseline_adjustment - INFO - Epoch 20/1000 - Train: 0.098978 - Val: 0.187486 - Best: 0.172209 - LR: 1.00e-03 - Time: 4.4min
2026-02-21 19:54:41,231 - baseline_adjustment - INFO - Epoch 30/1000 - Train: 0.089234 - Val: 0.187506 - Best: 0.172209 - LR: 1.00e-03 - Time: 6.6min
2026-02-21 19:56:55,675 - baseline_adjustment - INFO - Epoch 40/1000 - Train: 0.070849 - Val: 0.191091 - Best: 0.167538 - LR: 1.00e-03 - Time: 8.8min
2026-02-21 19:59:09,709 - baseline_adjustment - INFO - Epoch 50/1000 - Train: 0.064169 - Val: 0.173584 - Best: 0.167538 - LR: 1.00e-03 - Time: 11.1min
2026-02-21 20:01:26,308 - baseline_adjustment - INFO - Epoch 60/1000 - Train: 0.059690 - Val: 0.174132 - Best: 0.167538 - LR: 1.00e-03 - Time: 13.3min
2026-02-21 20:03:40,627 - baseline_adjustment - INFO - Epoch 70/1000 - Train: 0.056160 - Val: 0.177728 - Best: 0.167538 - LR: 1.00e-03 - Time: 15.6min
2026-02-21 20:05:54,167 - baseline_adjustment - INFO - Epoch 80/1000 - Train: 0.053447 - Val: 0.177781 - Best: 0.163861 - LR: 1.00e-03 - Time: 17.8min
2026-02-21 20:08:07,672 - baseline_adjustment - INFO - Epoch 90/1000 - Train: 0.051861 - Val: 0.170161 - Best: 0.163861 - LR: 1.00e-03 - Time: 20.0min
2026-02-21 20:10:23,246 - baseline_adjustment - INFO - Epoch 100/1000 - Train: 0.050461 - Val: 0.176755 - Best: 0.163861 - LR: 1.00e-03 - Time: 22.3min
2026-02-21 20:12:36,912 - baseline_adjustment - INFO - Epoch 110/1000 - Train: 0.048796 - Val: 0.188743 - Best: 0.163861 - LR: 1.00e-03 - Time: 24.5min
2026-02-21 20:14:50,661 - baseline_adjustment - INFO - Epoch 120/1000 - Train: 0.047584 - Val: 0.182542 - Best: 0.163861 - LR: 1.00e-03 - Time: 26.8min
2026-02-21 20:17:04,564 - baseline_adjustment - INFO - Epoch 130/1000 - Train: 0.044866 - Val: 0.188305 - Best: 0.163861 - LR: 5.00e-04 - Time: 29.0min
2026-02-21 20:19:20,252 - baseline_adjustment - INFO - Epoch 140/1000 - Train: 0.043908 - Val: 0.178447 - Best: 0.163861 - LR: 5.00e-04 - Time: 31.2min
2026-02-21 20:21:33,574 - baseline_adjustment - INFO - Epoch 150/1000 - Train: 0.042948 - Val: 0.190334 - Best: 0.163861 - LR: 5.00e-04 - Time: 33.5min
2026-02-21 20:23:47,066 - baseline_adjustment - INFO - Epoch 160/1000 - Train: 0.042947 - Val: 0.183029 - Best: 0.163861 - LR: 5.00e-04 - Time: 35.7min
2026-02-21 20:26:00,715 - baseline_adjustment - INFO - Epoch 170/1000 - Train: 0.042593 - Val: 0.176705 - Best: 0.163861 - LR: 5.00e-04 - Time: 37.9min
2026-02-21 20:26:14,093 - baseline_adjustment - INFO - Early stopping at epoch 171
2026-02-21 20:26:14,093 - baseline_adjustment - INFO - Training complete: 38.1 minutes, best val loss: 0.163861
2026-02-21 20:26:14,093 - baseline_adjustment - INFO - Final evaluation on validation set...
2026-02-21 20:26:15,856 - baseline_adjustment - INFO - BASELINE model - RMSE: 0.147733, MAPE: 0.0943
2026-02-21 20:26:15,857 - baseline_adjustment - INFO - Results saved to C:\Users\owen3\OneDrive\Desktop\Project\smart-data-analysis-main\model3_research\logs\baseline_results.json
2026-02-21 20:26:15,859 - baseline_adjustment - INFO - Done.
