2026-02-21 17:00:43,024 - baseline_adjustment - INFO - === Training BASELINE Adjustment Model ===
2026-02-21 17:00:43,026 - baseline_adjustment - INFO - Device: cuda:0 (GPU: NVIDIA GeForce RTX 4060 Laptop GPU)
2026-02-21 17:00:43,026 - baseline_adjustment - INFO - Loading base model (Model 1 SSVI+NN)...
2026-02-21 17:00:43,144 - baseline_adjustment - INFO - Base model loaded from C:\Users\owen3\OneDrive\Desktop\Project\smart-data-analysis-main\model2_research\..\src\../models/MultiModel.pt
2026-02-21 17:00:43,144 - baseline_adjustment - INFO - Preparing adjustment data...
2026-02-21 17:00:51,948 - baseline_adjustment - INFO - Data shape: sequences=torch.Size([245228, 20, 12]), targets=torch.Size([245228, 1]), input_dim=12
2026-02-21 17:00:51,961 - baseline_adjustment - INFO - Chronological split: train < 2020-06-05T00:00:00.000000, train=179615, val=65613
2026-02-21 17:00:51,961 - baseline_adjustment - INFO - Fitting KDE weights...
2026-02-21 17:02:32,884 - baseline_adjustment - INFO - Building baseline model...
2026-02-21 17:02:32,893 - baseline_adjustment - INFO - Model parameters: 58,689 total, 58,689 trainable
2026-02-21 17:02:34,346 - baseline_adjustment - INFO - Training: epochs=1000, lr=0.001, batch_size=256
2026-02-21 17:02:34,346 - baseline_adjustment - INFO - Save path: C:\Users\owen3\OneDrive\Desktop\Project\smart-data-analysis-main\model2_research\models\baseline_AdjustmentModel.pt
2026-02-21 17:05:07,858 - baseline_adjustment - INFO - Epoch 10/1000 - Train: 0.115002 - Val: 0.174086 - Best: 0.172209 - LR: 1.00e-03 - Time: 2.6min
2026-02-21 17:07:39,362 - baseline_adjustment - INFO - Epoch 20/1000 - Train: 0.098978 - Val: 0.187486 - Best: 0.172209 - LR: 1.00e-03 - Time: 5.1min
2026-02-21 17:10:06,976 - baseline_adjustment - INFO - Epoch 30/1000 - Train: 0.089234 - Val: 0.187506 - Best: 0.172209 - LR: 1.00e-03 - Time: 7.5min
2026-02-21 17:12:38,483 - baseline_adjustment - INFO - Epoch 40/1000 - Train: 0.070849 - Val: 0.191091 - Best: 0.167538 - LR: 1.00e-03 - Time: 10.1min
2026-02-21 17:15:06,317 - baseline_adjustment - INFO - Epoch 50/1000 - Train: 0.064169 - Val: 0.173584 - Best: 0.167538 - LR: 1.00e-03 - Time: 12.5min
2026-02-21 17:17:39,939 - baseline_adjustment - INFO - Epoch 60/1000 - Train: 0.059690 - Val: 0.174132 - Best: 0.167538 - LR: 1.00e-03 - Time: 15.1min
2026-02-21 17:20:11,507 - baseline_adjustment - INFO - Epoch 70/1000 - Train: 0.056160 - Val: 0.177728 - Best: 0.167538 - LR: 1.00e-03 - Time: 17.6min
2026-02-21 17:22:49,155 - baseline_adjustment - INFO - Epoch 80/1000 - Train: 0.053447 - Val: 0.177781 - Best: 0.163861 - LR: 1.00e-03 - Time: 20.2min
2026-02-21 17:25:28,901 - baseline_adjustment - INFO - Epoch 90/1000 - Train: 0.051861 - Val: 0.170161 - Best: 0.163861 - LR: 1.00e-03 - Time: 22.9min
2026-02-21 17:27:57,948 - baseline_adjustment - INFO - Epoch 100/1000 - Train: 0.050461 - Val: 0.176755 - Best: 0.163861 - LR: 1.00e-03 - Time: 25.4min
2026-02-21 17:30:24,936 - baseline_adjustment - INFO - Epoch 110/1000 - Train: 0.048796 - Val: 0.188743 - Best: 0.163861 - LR: 1.00e-03 - Time: 27.8min
2026-02-21 17:32:38,380 - baseline_adjustment - INFO - Epoch 120/1000 - Train: 0.047584 - Val: 0.182542 - Best: 0.163861 - LR: 1.00e-03 - Time: 30.1min
2026-02-21 17:34:49,442 - baseline_adjustment - INFO - Epoch 130/1000 - Train: 0.044866 - Val: 0.188305 - Best: 0.163861 - LR: 5.00e-04 - Time: 32.3min
2026-02-21 17:37:04,284 - baseline_adjustment - INFO - Epoch 140/1000 - Train: 0.043908 - Val: 0.178447 - Best: 0.163861 - LR: 5.00e-04 - Time: 34.5min
2026-02-21 17:39:17,518 - baseline_adjustment - INFO - Epoch 150/1000 - Train: 0.042948 - Val: 0.190334 - Best: 0.163861 - LR: 5.00e-04 - Time: 36.7min
2026-02-21 17:41:32,938 - baseline_adjustment - INFO - Epoch 160/1000 - Train: 0.042947 - Val: 0.183029 - Best: 0.163861 - LR: 5.00e-04 - Time: 39.0min
2026-02-21 17:43:46,112 - baseline_adjustment - INFO - Epoch 170/1000 - Train: 0.042593 - Val: 0.176705 - Best: 0.163861 - LR: 5.00e-04 - Time: 41.2min
2026-02-21 17:43:59,583 - baseline_adjustment - INFO - Early stopping at epoch 171
2026-02-21 17:43:59,583 - baseline_adjustment - INFO - Training complete: 41.4 minutes, best val loss: 0.163861
2026-02-21 17:43:59,583 - baseline_adjustment - INFO - Final evaluation on validation set...
2026-02-21 17:44:01,322 - baseline_adjustment - INFO - BASELINE model - RMSE: 0.147733, MAPE: 0.0943
2026-02-21 17:44:01,323 - baseline_adjustment - INFO - Results saved to C:\Users\owen3\OneDrive\Desktop\Project\smart-data-analysis-main\model2_research\logs\baseline_results.json
2026-02-21 17:44:01,324 - baseline_adjustment - INFO - Done.
