2026-02-26 22:52:59,255 - tft_adam_adjustment - INFO - === Training TFT (ADAM) Adjustment Model ===
2026-02-26 22:52:59,258 - tft_adam_adjustment - INFO - Device: cuda:0 (GPU: NVIDIA GeForce RTX 4060 Laptop GPU)
2026-02-26 22:52:59,259 - tft_adam_adjustment - INFO - Dtype: float32
2026-02-26 22:52:59,259 - tft_adam_adjustment - INFO - Loading base model (Model 1 SSVI+NN)...
2026-02-26 22:52:59,385 - tft_adam_adjustment - INFO - Base model loaded from C:\Users\owen3\OneDrive\Desktop\Project\smart-data-analysis-main\model3_research\scripts\..\..\src\../model1_research/models/MultiModel.pt
2026-02-26 22:52:59,387 - tft_adam_adjustment - INFO - Loading Model 2 (ICNN Dupire) for Greek Extraction...
2026-02-26 22:52:59,416 - tft_adam_adjustment - INFO - Model 2 loaded from C:\Users\owen3\OneDrive\Desktop\Project\smart-data-analysis-main\model3_research\scripts\..\..\src\../models/DupireModel.pt, GreekExtractor initialized.
2026-02-26 22:52:59,416 - tft_adam_adjustment - INFO - Preparing adjustment data...
2026-02-26 22:53:12,790 - tft_adam_adjustment - INFO - Data shape: sequences=torch.Size([245228, 20, 16]), targets=torch.Size([245228, 1]), input_dim=16
2026-02-26 22:53:12,792 - tft_adam_adjustment - INFO - Config date split: train+val <= 2020-12-31, test 2021-01-01 - 2021-12-31
2026-02-26 22:53:12,792 - tft_adam_adjustment - INFO -   train+val sequences: 201729, test sequences: 43499
2026-02-26 22:53:12,801 - tft_adam_adjustment - INFO - Chronological 80/20 split within train period:
2026-02-26 22:53:12,802 - tft_adam_adjustment - INFO -   Train: < 2019-08-13T00:00:00.000000000 (153249 sequences)
2026-02-26 22:53:12,802 - tft_adam_adjustment - INFO -   Val:   >= 2019-08-13T00:00:00.000000000 to 2020-12-31T00:00:00.000000 (48480 sequences)
2026-02-26 22:53:12,803 - tft_adam_adjustment - INFO -   Test:  2021-01-01T00:00:00.000000 to 2021-12-31T00:00:00.000000 (43499 sequences)
2026-02-26 22:53:12,803 - tft_adam_adjustment - INFO - Fitting KDE weights...
2026-02-26 22:55:13,415 - tft_adam_adjustment - INFO - Test set: 43499 sequences loaded
2026-02-26 22:55:13,416 - tft_adam_adjustment - INFO - Building tft model...
2026-02-26 22:55:13,448 - tft_adam_adjustment - INFO - Model parameters: 317,521 total, 317,521 trainable
2026-02-26 22:55:14,467 - tft_adam_adjustment - INFO - Optimizer: adam (wd=N/A)
2026-02-26 22:55:14,467 - tft_adam_adjustment - INFO - Training: epochs=1000, lr=0.001, batch_size=256
2026-02-26 22:55:14,468 - tft_adam_adjustment - INFO - Save path: C:\Users\owen3\OneDrive\Desktop\Project\smart-data-analysis-main\model3_research\scripts\models\tft_fp32_AdjustmentModel.pt
2026-02-26 23:00:41,711 - tft_adam_adjustment - INFO - Epoch 10/1000 - Train: 0.076469 - Val: 0.188363 - Best: 0.188363 - LR: 1.00e-03 - Time: 5.5min
2026-02-26 23:05:42,358 - tft_adam_adjustment - INFO - Epoch 20/1000 - Train: 0.047089 - Val: 0.192711 - Best: 0.172082 - LR: 1.00e-03 - Time: 10.5min
2026-02-26 23:10:42,145 - tft_adam_adjustment - INFO - Epoch 30/1000 - Train: 0.037679 - Val: 0.178539 - Best: 0.172082 - LR: 1.00e-03 - Time: 15.5min
2026-02-26 23:14:24,226 - tft_adam_adjustment - INFO - Epoch 40/1000 - Train: 0.034259 - Val: 0.172555 - Best: 0.172082 - LR: 1.00e-03 - Time: 19.2min
2026-02-26 23:18:10,711 - tft_adam_adjustment - INFO - Epoch 50/1000 - Train: 0.032085 - Val: 0.179875 - Best: 0.172082 - LR: 1.00e-03 - Time: 22.9min
2026-02-26 23:22:58,696 - tft_adam_adjustment - INFO - Epoch 60/1000 - Train: 0.031143 - Val: 0.181219 - Best: 0.172082 - LR: 1.00e-03 - Time: 27.7min
2026-02-26 23:27:36,204 - tft_adam_adjustment - INFO - Epoch 70/1000 - Train: 0.027262 - Val: 0.181304 - Best: 0.172082 - LR: 5.00e-04 - Time: 32.4min
2026-02-26 23:32:31,848 - tft_adam_adjustment - INFO - Epoch 80/1000 - Train: 0.024850 - Val: 0.176260 - Best: 0.172082 - LR: 5.00e-04 - Time: 37.3min
2026-02-26 23:36:52,973 - tft_adam_adjustment - INFO - Epoch 90/1000 - Train: 0.024754 - Val: 0.178552 - Best: 0.172082 - LR: 5.00e-04 - Time: 41.6min
2026-02-26 23:41:13,761 - tft_adam_adjustment - INFO - Epoch 100/1000 - Train: 0.024115 - Val: 0.180731 - Best: 0.172082 - LR: 5.00e-04 - Time: 46.0min
2026-02-26 23:45:32,394 - tft_adam_adjustment - INFO - Epoch 110/1000 - Train: 0.023417 - Val: 0.182257 - Best: 0.172082 - LR: 5.00e-04 - Time: 50.3min
2026-02-26 23:46:24,105 - tft_adam_adjustment - INFO - Early stopping at epoch 112
2026-02-26 23:46:24,105 - tft_adam_adjustment - INFO - Training complete: 51.2 minutes, best val loss: 0.172082
2026-02-26 23:46:24,106 - tft_adam_adjustment - INFO - Final evaluation on validation set...
2026-02-26 23:46:26,582 - tft_adam_adjustment - INFO - TFT Val - RMSE: 0.164343, MAPE: 0.1006
2026-02-26 23:46:26,582 - tft_adam_adjustment - INFO - Evaluating on test set (2021 held-out)...
2026-02-26 23:46:28,866 - tft_adam_adjustment - INFO - TFT Test (2021) - RMSE: 0.159210, MAPE: 0.0985
2026-02-26 23:46:28,867 - tft_adam_adjustment - INFO - Results saved to C:\Users\owen3\OneDrive\Desktop\Project\smart-data-analysis-main\model3_research\scripts\logs\tft_fp32_results.json
2026-02-26 23:46:28,869 - tft_adam_adjustment - INFO - Running TFT interpretability analysis...
2026-02-26 23:46:28,913 - tft_adam_adjustment - INFO - Feature importance (avg across timesteps):
2026-02-26 23:46:28,913 - tft_adam_adjustment - INFO -   tv_pred: 0.1764
2026-02-26 23:46:28,913 - tft_adam_adjustment - INFO -   iv_skew: 0.1558
2026-02-26 23:46:28,914 - tft_adam_adjustment - INFO -   tau: 0.1158
2026-02-26 23:46:28,914 - tft_adam_adjustment - INFO -   rv_20d: 0.0772
2026-02-26 23:46:28,914 - tft_adam_adjustment - INFO -   vrp_20d: 0.0564
2026-02-26 23:46:28,914 - tft_adam_adjustment - INFO -   vix_change: 0.0527
2026-02-26 23:46:28,915 - tft_adam_adjustment - INFO -   underlying_return: 0.0483
2026-02-26 23:46:28,915 - tft_adam_adjustment - INFO -   iv_term_slope: 0.0393
2026-02-26 23:46:28,916 - tft_adam_adjustment - INFO -   local_vol: 0.0381
2026-02-26 23:46:28,916 - tft_adam_adjustment - INFO -   futures_basis_pct: 0.0371
2026-02-26 23:46:28,916 - tft_adam_adjustment - INFO -   lv_gradient_K: 0.0368
2026-02-26 23:46:28,916 - tft_adam_adjustment - INFO -   logm: 0.0184
2026-02-26 23:46:28,916 - tft_adam_adjustment - INFO -   volga: 0.0135
2026-02-26 23:46:28,916 - tft_adam_adjustment - INFO -   sp500_return: 0.0106
2026-02-26 23:46:28,917 - tft_adam_adjustment - INFO -   itm_otm: 0.0087
2026-02-26 23:46:28,917 - tft_adam_adjustment - INFO -   vanna: 0.0037
2026-02-26 23:46:28,918 - tft_adam_adjustment - INFO - Temporal attention (last 5 steps): [0.0564311258494854, 0.0608353465795517, 0.07100744545459747, 0.0759693905711174, 0.11464239656925201]
2026-02-26 23:46:28,920 - tft_adam_adjustment - INFO - Interpretability data saved to C:\Users\owen3\OneDrive\Desktop\Project\smart-data-analysis-main\model3_research\scripts\logs\tft_interpretability.json
2026-02-26 23:46:28,920 - tft_adam_adjustment - INFO - Done.
