2026-02-21 09:10:24,885 - tft_adjustment - INFO - === Training TFT Adjustment Model ===
2026-02-21 09:10:24,888 - tft_adjustment - INFO - Device: cuda:0 (GPU: NVIDIA GeForce RTX 4060 Laptop GPU)
2026-02-21 09:10:24,889 - tft_adjustment - INFO - Loading base model (Model 1 SSVI+NN)...
2026-02-21 09:10:25,002 - tft_adjustment - INFO - Base model loaded from C:\Users\owen3\OneDrive\Desktop\Project\smart-data-analysis-main\model2_research\..\src\../models/MultiModel.pt
2026-02-21 09:10:25,002 - tft_adjustment - INFO - Preparing adjustment data...
2026-02-21 09:10:32,235 - tft_adjustment - INFO - Data shape: sequences=torch.Size([245228, 20, 12]), targets=torch.Size([245228, 1]), input_dim=12
2026-02-21 09:10:32,247 - tft_adjustment - INFO - Chronological split: train < 2020-06-05T00:00:00.000000, train=179615, val=65613
2026-02-21 09:10:32,247 - tft_adjustment - INFO - Fitting KDE weights...
2026-02-21 09:11:55,303 - tft_adjustment - INFO - Building tft model...
2026-02-21 09:11:55,337 - tft_adjustment - INFO - Model parameters: 265,281 total, 265,281 trainable
2026-02-21 09:11:57,130 - tft_adjustment - INFO - Training: epochs=1000, lr=0.001, batch_size=256
2026-02-21 09:11:57,130 - tft_adjustment - INFO - Save path: C:\Users\owen3\OneDrive\Desktop\Project\smart-data-analysis-main\model2_research\models\tft_AdjustmentModel.pt
2026-02-21 09:21:30,403 - tft_adjustment - INFO - Epoch 10/1000 - Train: 0.085695 - Val: 0.194255 - Best: 0.180852 - LR: 1.00e-03 - Time: 9.6min
2026-02-21 09:31:01,931 - tft_adjustment - INFO - Epoch 20/1000 - Train: 0.067302 - Val: 0.190244 - Best: 0.178252 - LR: 1.00e-03 - Time: 19.1min
2026-02-21 09:40:59,847 - tft_adjustment - INFO - Epoch 30/1000 - Train: 0.047250 - Val: 0.165770 - Best: 0.165770 - LR: 1.00e-03 - Time: 29.0min
2026-02-21 09:51:13,985 - tft_adjustment - INFO - Epoch 40/1000 - Train: 0.039172 - Val: 0.171155 - Best: 0.165770 - LR: 1.00e-03 - Time: 39.3min
2026-02-21 10:01:37,978 - tft_adjustment - INFO - Epoch 50/1000 - Train: 0.035973 - Val: 0.163461 - Best: 0.163461 - LR: 1.00e-03 - Time: 49.7min
2026-02-21 10:11:56,394 - tft_adjustment - INFO - Epoch 60/1000 - Train: 0.033201 - Val: 0.178754 - Best: 0.163461 - LR: 1.00e-03 - Time: 60.0min
2026-02-21 10:21:33,136 - tft_adjustment - INFO - Epoch 70/1000 - Train: 0.031518 - Val: 0.173289 - Best: 0.160946 - LR: 1.00e-03 - Time: 69.6min
2026-02-21 10:31:10,215 - tft_adjustment - INFO - Epoch 80/1000 - Train: 0.031097 - Val: 0.179258 - Best: 0.160946 - LR: 1.00e-03 - Time: 79.2min
2026-02-21 10:40:46,999 - tft_adjustment - INFO - Epoch 90/1000 - Train: 0.029699 - Val: 0.177118 - Best: 0.160946 - LR: 1.00e-03 - Time: 88.8min
2026-02-21 10:50:23,568 - tft_adjustment - INFO - Epoch 100/1000 - Train: 0.027894 - Val: 0.173640 - Best: 0.160946 - LR: 1.00e-03 - Time: 98.4min
2026-02-21 11:00:00,349 - tft_adjustment - INFO - Epoch 110/1000 - Train: 0.028816 - Val: 0.176374 - Best: 0.160946 - LR: 1.00e-03 - Time: 108.1min
2026-02-21 11:09:37,317 - tft_adjustment - INFO - Epoch 120/1000 - Train: 0.029185 - Val: 0.166848 - Best: 0.158095 - LR: 1.00e-03 - Time: 117.7min
2026-02-21 11:19:14,452 - tft_adjustment - INFO - Epoch 130/1000 - Train: 0.026393 - Val: 0.170969 - Best: 0.158095 - LR: 1.00e-03 - Time: 127.3min
2026-02-21 11:28:51,847 - tft_adjustment - INFO - Epoch 140/1000 - Train: 0.025922 - Val: 0.181207 - Best: 0.158095 - LR: 1.00e-03 - Time: 136.9min
2026-02-21 11:38:28,974 - tft_adjustment - INFO - Epoch 150/1000 - Train: 0.026606 - Val: 0.180839 - Best: 0.158095 - LR: 1.00e-03 - Time: 146.5min
2026-02-21 11:48:05,736 - tft_adjustment - INFO - Epoch 160/1000 - Train: 0.029639 - Val: 0.175165 - Best: 0.158095 - LR: 1.00e-03 - Time: 156.1min
2026-02-21 11:57:42,738 - tft_adjustment - INFO - Epoch 170/1000 - Train: 0.022997 - Val: 0.166595 - Best: 0.158095 - LR: 5.00e-04 - Time: 165.8min
2026-02-21 12:07:19,667 - tft_adjustment - INFO - Epoch 180/1000 - Train: 0.022825 - Val: 0.168933 - Best: 0.158095 - LR: 5.00e-04 - Time: 175.4min
2026-02-21 12:16:56,413 - tft_adjustment - INFO - Epoch 190/1000 - Train: 0.022434 - Val: 0.172989 - Best: 0.158095 - LR: 5.00e-04 - Time: 185.0min
2026-02-21 12:26:33,499 - tft_adjustment - INFO - Epoch 200/1000 - Train: 0.022447 - Val: 0.169340 - Best: 0.158095 - LR: 5.00e-04 - Time: 194.6min
2026-02-21 12:36:10,443 - tft_adjustment - INFO - Epoch 210/1000 - Train: 0.022268 - Val: 0.173639 - Best: 0.158095 - LR: 5.00e-04 - Time: 204.2min
2026-02-21 12:39:03,602 - tft_adjustment - INFO - Early stopping at epoch 213
2026-02-21 12:39:03,603 - tft_adjustment - INFO - Training complete: 207.1 minutes, best val loss: 0.158095
2026-02-21 12:39:03,603 - tft_adjustment - INFO - Final evaluation on validation set...
2026-02-21 12:39:10,906 - tft_adjustment - INFO - TFT model - RMSE: 0.145244, MAPE: 0.0912
2026-02-21 12:39:10,908 - tft_adjustment - INFO - Results saved to C:\Users\owen3\OneDrive\Desktop\Project\smart-data-analysis-main\model2_research\logs\tft_results.json
2026-02-21 12:39:10,910 - tft_adjustment - INFO - Running TFT interpretability analysis...
2026-02-21 12:39:10,963 - tft_adjustment - INFO - Feature importance (avg across timesteps):
2026-02-21 12:39:10,963 - tft_adjustment - INFO -   tv_pred: 0.2143
2026-02-21 12:39:10,963 - tft_adjustment - INFO -   tau: 0.1590
2026-02-21 12:39:10,963 - tft_adjustment - INFO -   iv_term_slope: 0.1270
2026-02-21 12:39:10,963 - tft_adjustment - INFO -   rv_20d: 0.1170
2026-02-21 12:39:10,963 - tft_adjustment - INFO -   iv_skew: 0.1027
2026-02-21 12:39:10,963 - tft_adjustment - INFO -   vrp_20d: 0.0701
2026-02-21 12:39:10,964 - tft_adjustment - INFO -   futures_basis_pct: 0.0604
2026-02-21 12:39:10,964 - tft_adjustment - INFO -   itm_otm: 0.0501
2026-02-21 12:39:10,964 - tft_adjustment - INFO -   vix_change: 0.0480
2026-02-21 12:39:10,964 - tft_adjustment - INFO -   sp500_return: 0.0220
2026-02-21 12:39:10,964 - tft_adjustment - INFO -   logm: 0.0192
2026-02-21 12:39:10,964 - tft_adjustment - INFO -   underlying_return: 0.0103
2026-02-21 12:39:10,964 - tft_adjustment - INFO - Temporal attention (last 5 steps): [0.06281869892032745, 0.06570698482473583, 0.08114829783608353, 0.07500603439976272, 0.20326498022046866]
2026-02-21 12:39:10,966 - tft_adjustment - INFO - Interpretability data saved to C:\Users\owen3\OneDrive\Desktop\Project\smart-data-analysis-main\model2_research\logs\tft_interpretability.json
2026-02-21 12:39:10,966 - tft_adjustment - INFO - Done.
